// Jest Snapshot v1, https://goo.gl/fbAQLP

exports[`Test Code in SRC folder can render without issues in DEV 1`] = `<div />`;
