// Jest Snapshot v1, https://goo.gl/fbAQLP

exports[`can render without issues in DEV 1`] = `<div />`;
